bun test v1.3.14 (0d9b296a)

tests/evidence-recovery-materializer.test.ts:
215 | 
216 |       const first = run("bun", [join(REPO_ROOT, "scripts/recovery-view-cli.ts"), "--cwd", cwd, "--reason", "first-run"], cwd);
217 |       expect(first.status).toBe(0);
218 |       const handoffPath = join(cwd, ".ai/harness/handoff/current.md");
219 |       const resumePath = join(cwd, ".ai/harness/handoff/resume.md");
220 |       expect(existsSync(handoffPath)).toBe(true);
                                            ^
error: expect(received).toBe(expected)

Expected: true
Received: false

      at <anonymous> (/Users/ancienttwo/Projects/repo-harness/tests/evidence-recovery-materializer.test.ts:220:39)
(fail) recovery-view-cli.ts: standalone end-to-end > materializes handoff and resume, and a hand edit is fully overwritten by the next run [213.49ms]

 12 pass
 1 fail
 72 expect() calls
Ran 13 tests across 1 file. [1137.00ms]

=== regression_guard capture: tests/unit/verifier-evidence-lifecycle-cutover.test.ts ===
=== captured retroactively during closeout (2026-08-01), original capture above recorded the symptom suite ===

The capture above is the symptom reproduction named in this contract's `repro`
field (tests/evidence-recovery-materializer.test.ts), not the declared
`regression_guard`. That was a capture mistake, not a wrong guard: the declared
guard tests/unit/verifier-evidence-lifecycle-cutover.test.ts is the correct one
and does fail on the unfixed code. The run below is appended; nothing above is
edited.

Captured in a throwaway state by reverting scripts/run-bounded-verifier-command.ts
to 62daea2e^ (the commit before the scrub), running the declared guard, then
restoring the fixed file:

  git show 62daea2e^:scripts/run-bounded-verifier-command.ts > scripts/run-bounded-verifier-command.ts
  bun test tests/unit/verifier-evidence-lifecycle-cutover.test.ts > <artifact> 2>&1
  echo "PRE_FIX_EXIT=$?" >> <artifact>

bun test v1.3.14 (0d9b296a)

tests/unit/verifier-evidence-lifecycle-cutover.test.ts:
84 |           REPO_HARNESS_ENV_SCRUB_PROBE: 'probe',
85 |         },
86 |       });
87 |       expect(result.status).toBe(0);
88 |       const childEnv = readFileSync(logPath, 'utf-8').split('\n');
89 |       expect(childEnv.filter((line) => line.startsWith('REPO_HARNESS_'))).toEqual([]);
                                                                               ^
error: expect(received).toEqual(expected)

- []
+ [
+   "REPO_HARNESS_WORKFLOW_STATE_LIB=/Users/ancienttwo/Projects/repo-harness/.ai/hooks/lib/workflow-state.sh",
+   "REPO_HARNESS_BUN_BIN=/Users/ancienttwo/.bun/bin/bun",
+   "REPO_HARNESS_GIT_BIN=/usr/bin/git",
+   "REPO_HARNESS_ENV_SCRUB_PROBE=probe",
+   "REPO_HARNESS_GH_BIN=/usr/bin/gh",
+   "REPO_HARNESS_BASH_BIN=/bin/bash",
+   "REPO_HARNESS_HELPER_SOURCE_PATH=/Users/ancienttwo/Projects/repo-harness/scripts/verify-contract.sh",
+   "REPO_HARNESS_TARGET_REPO_ROOT=/Users/ancienttwo/Projects/repo-harness",
+ ]

- Expected  - 1
+ Received  + 10

      at <anonymous> (/Users/ancienttwo/Projects/repo-harness/tests/unit/verifier-evidence-lifecycle-cutover.test.ts:89:75)
(fail) verifier evidence lifecycle cutover > bounded runner strips REPO_HARNESS_* wiring from the verified command [57.26ms]

 6 pass
 1 fail
 32 expect() calls
Ran 7 tests across 1 file. [3.99s]
PRE_FIX_EXIT=1
