bun test v1.3.14 (0d9b296a)

tests/acceptance-receipt-evidence-fingerprint.test.ts:
91 |   ? resolve(SCRIPT_DIR, '../../..')
92 |   : resolve(SCRIPT_DIR, '..');
93 | const GIT_BIN = ['/usr/bin/git', '/bin/git'].find((path) => existsSync(path)) ?? 'git';
94 | 
95 | function fail(message: string, code = 1): never {
96 |   const error = new Error(message) as Error & { exitCode?: number };
                         ^
error: AcceptanceReceipt verification evidence is stale
 exitCode: 1,

      at fail (/Users/ancienttwo/Projects/repo-harness-wt-receipt-fingerprint-normalization/scripts/acceptance-receipt.ts:96:21)
      at verifyAcceptance (/Users/ancienttwo/Projects/repo-harness-wt-receipt-fingerprint-normalization/scripts/acceptance-receipt.ts:624:70)
      at async <anonymous> (/Users/ancienttwo/Projects/repo-harness-wt-receipt-fingerprint-normalization/tests/acceptance-receipt-evidence-fingerprint.test.ts:118:28)
(fail) AcceptanceReceipt verification-evidence fingerprint > survives a semantics-preserving key-order change in checks/latest.json [153.29ms]

 1 pass
 1 fail
 19 expect() calls
Ran 2 tests across 1 file. [308.00ms]
PRE_FIX_EXIT=1
